// Jest Snapshot v1, https://goo.gl/fbAQLP

exports[`InfoPanel should match snapshot 1`] = `
<div>
  <div
    class="flex items-start gap-4 p-4 text-sm text-blue-950 bg-blue-100/60 border-blue-600/10 border-1 rounded-2xl backdrop-blur"
    role="dialog"
  >
    <img
      alt=""
      class="w-5 aspect-square"
      data-nimg="1"
      decoding="async"
      height="40"
      loading="lazy"
      src="/_next/image?url=%2Fimg.jpg&w=96&q=75"
      srcset="/_next/image?url=%2Fimg.jpg&w=48&q=75 1x, /_next/image?url=%2Fimg.jpg&w=96&q=75 2x"
      style="color: transparent;"
      width="40"
    />
    test
  </div>
</div>
`;
