// Jest Snapshot v1, https://goo.gl/fbAQLP

exports[`Footer should match snapshot 1`] = `
<div>
  <footer
    class="bg-neutral-100/80 border-t-1 border-neutral-600/10 backdrop-blur"
  >
    <div
      class="flex justify-center container mx-auto px-8 py-6"
    >
      <p
        class="text-xs"
      >
        Developed by 
        <a
          class="text-blue-600 hover:text-blue-400 transition-colors"
          href="https://luisgrizzo.dev"
          rel="noreferrer"
          target="_blank"
        >
          Lu√≠s Grizzo
        </a>
         - 
        <a
          class="text-xs text-blue-600 hover:text-blue-400 transition-colors"
          href="https://github.com/luis-grizzo/check-weather?tab=MIT-1-ov-file"
          rel="noreferrer"
          target="_blank"
        >
          MIT License
        </a>
         2024.
      </p>
    </div>
  </footer>
</div>
`;
