// Jest Snapshot v1, https://goo.gl/fbAQLP

exports[`RefreshButton should match snapshot 1`] = `
<div>
  <div
    class="flex flex-col items-center gap-2"
  >
    <button
      class="flex items-center justify-center p-2 bg-neutral-100/60 border-1 border-neutral-600/10 rounded-full disabled:opacity-50 disabled:cursor-not-allowed transition-opacity"
      disabled=""
      role="button"
    >
      <img
        alt="Loading icon"
        class="w-6 aspect-square animate-spin"
        data-nimg="1"
        decoding="async"
        height="40"
        loading="lazy"
        src="/_next/image?url=%2Fimg.jpg&w=96&q=75"
        srcset="/_next/image?url=%2Fimg.jpg&w=48&q=75 1x, /_next/image?url=%2Fimg.jpg&w=96&q=75 2x"
        style="color: transparent;"
        width="40"
      />
    </button>
  </div>
</div>
`;
