// Jest Snapshot v1, https://goo.gl/fbAQLP

exports[`Header should match snapshot 1`] = `
<div>
  <header
    class="flex items-center justify-between container mx-auto px-8 py-6"
  >
    <div
      class="flex flex-col gap-1"
    >
      <span
        class="text-xs"
        role="timer"
      >
        Next forecast in --:--
      </span>
      <span
        class="text-lg"
      >
        Ja√∫, Brazil
      </span>
      <span
        class="text-xs"
      >
        4:00 PM - Monday, June 17, 2024
      </span>
    </div>
  </header>
</div>
`;
