// Jest Snapshot v1, https://goo.gl/fbAQLP

exports[`Badge should match snapshot 1`] = `
<div>
  <span
    class="flex items-center gap-2 px-2 py-1 text-xs bg-neutral-100/60 border-1 border-neutral-600/10 text-neutral-950 rounded-lg backdrop-blur"
  >
    test
  </span>
</div>
`;
