// Jest Snapshot v1, https://goo.gl/fbAQLP

exports[`Navbar should match snapshot 1`] = `
<div>
  <nav
    class="sticky top-0 min-h-[76px] bg-neutral-100/80 border-b-1 border-neutral-600/10 backdrop-blur overflow-hidden z-50"
  >
    <div
      class="flex items-center gap-2 container mx-auto px-8 py-6"
    >
      <img
        alt="Clear day icon"
        class="w-7 aspect-square"
        data-nimg="1"
        decoding="async"
        height="40"
        loading="lazy"
        role="img"
        src="/_next/image?url=%2Fimg.jpg&w=96&q=75"
        srcset="/_next/image?url=%2Fimg.jpg&w=48&q=75 1x, /_next/image?url=%2Fimg.jpg&w=96&q=75 2x"
        style="color: transparent; opacity: 0; transform: translateY(-32px) translateZ(0);"
        width="40"
      />
      <span
        class="text-lg"
      >
        Check Weather
      </span>
    </div>
  </nav>
</div>
`;
